aa test! aatest! aa test!

test
tthhiissis_s_o_m_etext
tthhiiss is _t_h_e_ _s_a_m_e text
_t_h_a_t iiss a link
This email _i_s_ _f_a_k_e
