aa test! aatest! aa test!

test
tthhiissis_s_o_m_etext
tthhiiss is _t_h_e_ _s_a_m_e text
_t_h_a_t[1] iiss a link
This email _i_s_ _f_a_k_e[2]


############ RReeffeerreenncceess ############
   1. http://goo
   2. http://goo
