Should be Chinese: 你好!
Should be Russian: Привет!
Should be Greek: Γεια!
Degrees centigrade: ℃,
Ohms sign: Ω,
Angstroms sign: Å
