                              ++77 ((993311)) 000099--1166--2222
                             (звонки или WhatsApp)
                           MMaaggnnuumm--mmaaggnnuumm22002200@@mmaaiill..rruu
 
Производитель одноразовых медицинских масок, защитных костюмов, халатов и
антисептиков предлагает _?с_?р_?е_?д_?с_?т_?в_?а_ _?и_?н_?д_?и_?в_?и_?д_?у_?а_?л_?ь_?н_?о_?й_ _?з_?а_?щ_?и_?т_?ы_ _?д_?л_?я_ _?п_?р_?е_?д_?п_?р_?и_?я_?т_?и_?й по
оптовым ценам.
 
?Н?а?ш?и ?ц?е?н?ы ?в?а?с ?п?р?и?я?т?н?о ?у?д?и?в?я?т::
 
11.. 33--?с?л?о?й?н?ы?е ?ш?и?т?ы?е ?м?а?с?к?и (спанбонд 40 гр. 3 слоя) - от 13 рублей.
22.. ?А?н?т?и?с?е?п?т?и?к?и ?с?о?б?с?т?в?е?н?н?о?г?о ?п?р?о?и?з?в?о?д?с?т?в?а (рецепт ВОЗ, спирт не менее 70%,
глицерин, перекись водорода, вода) - от 500 рублей/литр.
33.. ?А?н?т?и?в?и?р?у?с?н?ы?е ?з?а?щ?и?т?н?ы?е ?к?о?с?т?ю?м?ы ""?К?а?с?п?е?р"" (спанбонд 25/40/50/60 гр.) - от 155
рублей.
44.. ?З?а?щ?и?т?н?ы?е ?к?о?с?т?ю?м?ы ""?Т?а?й?в?е?к"" (ламинированный спанбонд 40/60/80 гр.) - от 300
рублей.
55.. ?М?е?д?и?ц?и?н?с?к?и?е ?х?а?л?а?т?ы (спанбонд 25/40/50/60 гр.) - от 85 рублей.
66.. ?В?ы?с?о?к?и?е ?з?а?щ?и?т?н?ы?е ?б?а?х?и?л?ы 4400 ?с?м.. (спанбонд 25/40/50/60 гр.) - от 30 рублей.
 
     Также у нас есть медицинские маски Китайского производства, шапочки,
             нарукавники, фартуки ?и ?л?ю?б?ы?е ?д?р?у?г?и?е ?с?р?е?д?с?т?в?а ?з?а?щ?и?т?ы..
                                        
        ?М?ы ?я?в?л?я?е?м?с?я ?п?р?о?и?з?в?о?д?и?т?е?л?е?м, поэтому наши цены ниже конкурентов.
                                        
                        Вся продукция сертифицирована.
                                        
              Возможна доставка по договоренности в любой регион.
                                        
          Для постоянных партнеров и на крупные объемы цены еще ниже.
                                        
                Работаем за наличный/безналичный расчет с НДС.
                                        
                            ?Т?о?в?а?р ?о?т ?п?р?о?и?з?в?о?д?и?т?е?л?я..
                                        
  Производство и склад в г. Новосибирск. Образцы товаров в наличии в Москве.
                                        
 
                    ?П?о?з?в?о?н?и?т?е ?н?а?м ?и?л?и ?н?а?п?и?ш?и?т?е ?в WWhhaattssAApppp::
                              ++77 ((993311)) 000099--1166--2222
               или напишите на почту: Magnum-magnum2020@mail.ru
